core_cm0plus.h:745:22:NVIC_EnableIRQ	16	static
core_cm0plus.h:756:22:NVIC_DisableIRQ	16	static
Si446x.h:554:20:_Si446x_iRestore	16	static,ignoring_inline_asm
Si446x.c:59:14:__empty_callback0	8	static
Si446x.c:60:14:__empty_callback1	16	static
Si446x.c:66:9:SI_DisableNMI	8	static
Si446x.c:70:9:SI_EnableNMI	8	static
Si446x.c:79:28:SI446X_CB_RXCOMPLETE	16	static
Si446x.c:133:23:cselect	8	static
Si446x.c:139:23:cdeselect	8	static
Si446x.c:168:9:Si446x_irq_off	16	static
Si446x.c:189:6:Si446x_irq_on	16	static
Si446x.c:211:16:getResponse	32	static
Si446x.c:237:16:waitForResponse	24	static
Si446x.c:253:13:doAPI	40	static
Si446x.c:277:13:setProperties	40	static
Si446x.c:295:20:setProperty	16	static
Si446x.c:308:13:getProperties	24	static
Si446x.c:321:23:getProperty	32	static
Si446x.c:329:17:getADC	32	static
Si446x.c:341:16:getFRR	32	static
Si446x.c:356:16:getLatchedRSSI	24	static
Si446x.c:364:23:getState	24	static
Si446x.c:377:13:setState	24	static
Si446x.c:387:13:clearFIFO	8	static
Si446x.c:425:13:interrupt	24	static
Si446x.c:432:13:interrupt2	32	static
Si446x.c:444:13:resetDevice	8	static
Si446x.c:465:13:applyStartupConfig	40	static
Si446x.c:476:6:Si446x_init	8	static
Si446x.c:505:6:Si446x_getInfo	32	static
Si446x.c:529:9:Si446x_getRSSI	16	static
Si446x.c:540:16:Si446x_getState	8	static
Si446x.c:546:6:Si446x_setTxPower	16	static
Si446x.c:586:6:Si446x_setLowBatt	24	static
Si446x.c:593:6:Si446x_setupWUT	40	static
Si446x.c:641:6:Si446x_disableWUT	16	static
Si446x.c:659:6:Si446x_setupCallback	24	static
Si446x.c:695:9:Si446x_sleep	8	static
Si446x.c:703:6:Si446x_read	32	static
Si446x.c:739:9:Si446x_TX	40	static
Si446x.c:801:6:Si446x_RX	32	static
Si446x.c:828:10:Si446x_adc_gpio	32	static
Si446x.c:834:10:Si446x_adc_battery	24	static
Si446x.c:841:7:Si446x_adc_temperature	24	static
Si446x.c:848:6:Si446x_writeGPIO	32	static
Si446x.c:864:9:Si446x_readGPIO	16	static
Si446x.c:874:9:Si446x_dump	32	static
Si446x.c:923:1:ISR	40	static
